// Jest Snapshot v1, https://goo.gl/fbAQLP

exports[`renders correctly react-test-renderer 1`] = `
<div
  className="AdminMenu"
>
  <h
    className="AdminLoginTitle"
    id="LoginText"
  >
    Login
  </h>
</div>
`;
