// Jest Snapshot v1, https://goo.gl/fbAQLP

exports[`renders correctly react-test-renderer 1`] = `
<div
  className="container h-100 d-flex justify-content-center"
>
  <Logo />
  <div
    className="my-auto"
  >
    <h
      className="PageErrorCode"
    >
      404
    </h>
    <h
      className="PageMessage"
    >
      Page not found
    </h>
  </div>
</div>
`;
