// Jest Snapshot v1, https://goo.gl/fbAQLP

exports[`renders correctly react-test-renderer 1`] = `
<ForwardRef(Link)
  to="/"
>
  <img
    alt=""
    className="Logo"
    draggable="false"
    src="logo.png"
  />
</ForwardRef(Link)>
`;
