// Jest Snapshot v1, https://goo.gl/fbAQLP

exports[`renders correctly react-test-renderer 1`] = `
<div
  className="App"
>
  <Logo />
  <AdminMenu />
</div>
`;
